// Jest Snapshot v1, https://goo.gl/fbAQLP

exports[`Chat component Displays a chat window when rendered 1`] = `
<div
  aria-label="chat-box"
  aria-live="polite"
  id="chat"
>
  <ul
    id="chat-window"
  />
  <form
    id="chat-form"
    onSubmit={[Function]}
  >
     
    <fieldset>
      <legend>
        Chat with Opponent
      </legend>
      <label
        htmlFor="chatInput"
        id="chat-label"
      >
        Type Message
      </label>
      <input
        aria-label="type message to opponent here"
        id="chatInput"
        placeholder="Type Here"
        type="text"
      />
    </fieldset>
  </form>
</div>
`;
